
[0;35m━━━━━━━━━━━━━━━━━━━━━━━━━━━━━━━━━━━━━━━━[0m
[0;35m  前置條件檢查[0m
[0;35m━━━━━━━━━━━━━━━━━━━━━━━━━━━━━━━━━━━━━━━━[0m

[0;36m🔷 檢查 Python 3 安裝...[0m
[0;32m✅ Python 3.11.5 已安裝[0m
[0;36m🔷 檢查 uv 套件管理工具...[0m
[0;32m✅ uv 已安裝[0m
[0;36m🔷 檢查 Python 虛擬環境...[0m
[0;32m✅ 虛擬環境已就緒[0m
[0;36m🔷 檢查 MongoDB 服務...[0m
[0;32m✅ MongoDB 服務運行中 (Homebrew)[0m
[0;36m🔷 測試 MongoDB 連接...[0m
[0;32m✅ MongoDB 連接正常[0m
[0;36m🔷 檢查 Redis 服務...[0m
[0;32m✅ Redis 服務運行中[0m
[0;36m🔷 檢查 FAISS 向量儲存...[0m
[0;34mℹ️  向量儲存後端: FAISS[0m
[0;32m✅ FAISS 向量儲存已就緒[0m

[0;35m━━━━━━━━━━━━━━━━━━━━━━━━━━━━━━━━━━━━━━━━[0m
[0;35m  端口衝突檢查[0m
[0;35m━━━━━━━━━━━━━━━━━━━━━━━━━━━━━━━━━━━━━━━━[0m

[0;36m🔷 檢查端口 8082 (DocAI FastAPI Server)...[0m
[1;33m⚠️  端口 8082 已被佔用 (PID: 18166, Process: docaienv/bin/python)[0m
[0;34mℹ️  這是 DocAI 服務本身，將先停止舊實例...[0m

[0;35m━━━━━━━━━━━━━━━━━━━━━━━━━━━━━━━━━━━━━━━━[0m
[0;35m  硬體加速檢測[0m
[0;35m━━━━━━━━━━━━━━━━━━━━━━━━━━━━━━━━━━━━━━━━[0m

[0;36m🔷 檢測 GPU/加速器可用性...[0m
[0;32m✅ 硬體加速可用[0m
Device Detection Summary
==================================================
CUDA Available: False
MPS Available: True
Selected Device: mps
Acceleration: mps
==================================================


JSON Output (for script parsing):
{
[0;34mℹ️  系統將使用 GPU 加速進行 embedding 運算[0m

[0;35m━━━━━━━━━━━━━━━━━━━━━━━━━━━━━━━━━━━━━━━━[0m
[0;35m  清理 Python 快取[0m
[0;35m━━━━━━━━━━━━━━━━━━━━━━━━━━━━━━━━━━━━━━━━[0m

[0;36m🔷 清理 Python 快取文件以確保乾淨啟動...[0m
[0;32m✅ 已清理      734 個 __pycache__ 目錄[0m
[0;34mℹ️  無 .pyc 文件需要清理[0m
[0;34mℹ️  無 .pyo 文件需要清理[0m
[0;32m✅ Python 快取清理完成[0m

[0;35m━━━━━━━━━━━━━━━━━━━━━━━━━━━━━━━━━━━━━━━━[0m
[0;35m  環境設置[0m
[0;35m━━━━━━━━━━━━━━━━━━━━━━━━━━━━━━━━━━━━━━━━[0m

[0;36m🔷 檢查 .env 配置文件...[0m
[0;32m✅ .env 文件存在[0m
[0;36m🔷 創建必需的目錄...[0m
[0;32m✅ 目錄結構已就緒[0m

[0;35m━━━━━━━━━━━━━━━━━━━━━━━━━━━━━━━━━━━━━━━━[0m
[0;35m  依賴項檢查[0m
[0;35m━━━━━━━━━━━━━━━━━━━━━━━━━━━━━━━━━━━━━━━━[0m

[0;36m🔷 檢查 Python 依賴...[0m
[0;32m✅ 所有關鍵依賴已安裝[0m

[0;35m━━━━━━━━━━━━━━━━━━━━━━━━━━━━━━━━━━━━━━━━[0m
[0;35m  啟動 DocAI 服務[0m
[0;35m━━━━━━━━━━━━━━━━━━━━━━━━━━━━━━━━━━━━━━━━[0m

[0;36m🔷 啟動 FastAPI 服務器...[0m
[0;34mℹ️  服務器 PID: 24427[0m

[0;35m━━━━━━━━━━━━━━━━━━━━━━━━━━━━━━━━━━━━━━━━[0m
[0;35m  健康檢查[0m
[0;35m━━━━━━━━━━━━━━━━━━━━━━━━━━━━━━━━━━━━━━━━[0m

[0;36m🔷 等待服務器啟動...[0m
..............[0;32m✅ 服務器健康檢查通過[0m


[0;35m━━━━━━━━━━━━━━━━━━━━━━━━━━━━━━━━━━━━━━━━[0m
[0;35m  啟動完成[0m
[0;35m━━━━━━━━━━━━━━━━━━━━━━━━━━━━━━━━━━━━━━━━[0m

[0;32m✅ DocAI 系統已成功啟動[0m

[0;34mℹ️  訪問地址:[0m
  [0;36m• Web UI:[0m http://localhost:8082
  [0;36m• API 文檔:[0m http://localhost:8082/docs
  [0;36m• OpenAPI:[0m http://localhost:8082/openapi.json

[0;34mℹ️  管理命令:[0m
  [0;36m• 停止服務:[0m ./stop_system.sh
  [0;36m• 查看日誌:[0m tail -f logs/server.log
  [0;36m• 服務器 PID:[0m 24427

[0;32m✅ 系統運行中，祝使用愉快！[0m

